******************************************************************************
                  MSP430 Linker PC v15.12.3                    
******************************************************************************
>> Linked Sat Nov 11 14:57:42 2017

OUTPUT FILE NAME:   <msp420g2553-ewan.out>
ENTRY POINT SYMBOL: "_c_int00_noargs_noexit"  address: 0000c67e


MEMORY CONFIGURATION

         name            origin    length      used     unused   attr    fill
----------------------  --------  ---------  --------  --------  ----  --------
  SFR                   00000000   00000010  00000000  00000010  RWIX
  PERIPHERALS_8BIT      00000010   000000f0  00000000  000000f0  RWIX
  PERIPHERALS_16BIT     00000100   00000100  00000000  00000100  RWIX
  RAM                   00000200   00000200  000001f8  00000008  RWIX
  INFOD                 00001000   00000040  00000000  00000040  RWIX
  INFOC                 00001040   00000040  00000000  00000040  RWIX
  INFOB                 00001080   00000040  00000000  00000040  RWIX
  INFOA                 000010c0   00000040  00000000  00000040  RWIX
  FLASH                 0000c000   00003fde  0000075c  00003882  RWIX
  BSLSIGNATURE          0000ffde   00000002  00000002  00000000  RWIX  ffff 
  INT00                 0000ffe0   00000002  00000002  00000000  RWIX
  INT01                 0000ffe2   00000002  00000000  00000002  RWIX
  INT02                 0000ffe4   00000002  00000002  00000000  RWIX
  INT03                 0000ffe6   00000002  00000002  00000000  RWIX
  INT04                 0000ffe8   00000002  00000000  00000002  RWIX
  INT05                 0000ffea   00000002  00000002  00000000  RWIX
  INT06                 0000ffec   00000002  00000002  00000000  RWIX
  INT07                 0000ffee   00000002  00000002  00000000  RWIX
  INT08                 0000fff0   00000002  00000002  00000000  RWIX
  INT09                 0000fff2   00000002  00000002  00000000  RWIX
  INT10                 0000fff4   00000002  00000002  00000000  RWIX
  INT11                 0000fff6   00000002  00000002  00000000  RWIX
  INT12                 0000fff8   00000002  00000002  00000000  RWIX
  INT13                 0000fffa   00000002  00000002  00000000  RWIX
  INT14                 0000fffc   00000002  00000002  00000000  RWIX
  RESET                 0000fffe   00000002  00000002  00000000  RWIX


SECTION ALLOCATION MAP

 output                                  attributes/
section   page    origin      length       input sections
--------  ----  ----------  ----------   ----------------
.data      0    00000200    00000112     UNINITIALIZED
                  00000200    00000102     main.obj (.data:uart_buffer$1)
                  00000302    00000010     main.obj (.data)

.bss       0    00000312    00000096     UNINITIALIZED
                  00000312    0000005a     main.obj (.bss:bits_buffer$1)
                  0000036c    00000028     main.obj (.bss:readerFrameBuffer$1)
                  00000394    00000010     main.obj (.bss)
                  000003a4    00000004     main.obj (.bss:samples$1)

.stack     0    000003b0    00000050     UNINITIALIZED
                  000003b0    00000002     rts430_eabi.lib : boot.obj (.stack)
                  000003b2    0000004e     --HOLE--

.text      0    0000c000    000006fe     
                  0000c000    0000035a     main.obj (.text:main)
                  0000c35a    00000180     main.obj (.text:ADC10_ISR)
                  0000c4da    0000006e     rts430_eabi.lib : autoinit.obj (.text:_auto_init)
                  0000c548    0000005c                     : copy_decompress_rle.obj (.text:decompress:rle24:__TI_decompress_rle24)
                  0000c5a4    0000005a                     : cpy_tbl.obj (.text:copy_in)
                  0000c5fe    0000004c                     : lsr16.obj (.text)
                  0000c64a    00000034     main.obj (.text:USCI0TX_ISR)
                  0000c67e    0000001a     rts430_eabi.lib : boot_special.obj (.text:_c_int00_noargs_noexit)
                  0000c698    00000014                     : mult16.obj (.text)
                  0000c6ac    00000012                     : copy_decompress_none.obj (.text:decompress:none:__TI_decompress_none)
                  0000c6be    00000010                     : memcpy.obj (.text:memcpy)
                  0000c6ce    00000010                     : epilog.obj (.text)
                  0000c6de    0000000c     main.obj (.text:USCI0RX_ISR)
                  0000c6ea    00000008     rts430_eabi.lib : isr_trap.obj (.text:_isr:__TI_ISR_TRAP)
                  0000c6f2    00000006                     : exit.obj (.text:abort)
                  0000c6f8    00000004                     : pre_init.obj (.text:_system_pre_init)
                  0000c6fc    00000002                     : startup.obj (.text:_system_post_cinit)

.binit     0    0000c000    00000000     

.const     0    0000c6fe    00000030     
                  0000c6fe    00000030     main.obj (.const:iebus_frame_field$1)

.cinit     0    0000c72e    0000002e     
                  0000c72e    00000018     (.cinit..data.load) [load image, compression = rle]
                  0000c746    00000009     (.cinit..bss.load) [load image, compression = rle]
                  0000c74f    00000001     --HOLE-- [fill = 0]
                  0000c750    00000004     (__TI_handler_table)
                  0000c754    00000008     (__TI_cinit_table)

.init_array 
*          0    0000c000    00000000     UNINITIALIZED

TRAPINT    0    0000ffe0    00000002     
                  0000ffe0    00000002     rts430_eabi.lib : int00.obj (.int00)

PORT1      0    0000ffe4    00000002     
                  0000ffe4    00000002     rts430_eabi.lib : int02.obj (.int02)

PORT2      0    0000ffe6    00000002     
                  0000ffe6    00000002     rts430_eabi.lib : int03.obj (.int03)

$fill000   0    0000ffde    00000002     
                  0000ffde    00000002     --HOLE-- [fill = ffff]

ADC10      0    0000ffea    00000002     
                  0000ffea    00000002     <whole-program> (.int05)

USCIAB0TX 
*          0    0000ffec    00000002     
                  0000ffec    00000002     <whole-program> (.int06)

USCIAB0RX 
*          0    0000ffee    00000002     
                  0000ffee    00000002     <whole-program> (.int07)

TIMER0_A1 
*          0    0000fff0    00000002     
                  0000fff0    00000002     rts430_eabi.lib : int08.obj (.int08)

TIMER0_A0 
*          0    0000fff2    00000002     
                  0000fff2    00000002     rts430_eabi.lib : int09.obj (.int09)

WDT        0    0000fff4    00000002     
                  0000fff4    00000002     rts430_eabi.lib : int10.obj (.int10)

COMPARATORA 
*          0    0000fff6    00000002     
                  0000fff6    00000002     rts430_eabi.lib : int11.obj (.int11)

TIMER1_A1 
*          0    0000fff8    00000002     
                  0000fff8    00000002     rts430_eabi.lib : int12.obj (.int12)

TIMER1_A0 
*          0    0000fffa    00000002     
                  0000fffa    00000002     rts430_eabi.lib : int13.obj (.int13)

NMI        0    0000fffc    00000002     
                  0000fffc    00000002     rts430_eabi.lib : int14.obj (.int14)

.reset     0    0000fffe    00000002     
                  0000fffe    00000002     rts430_eabi.lib : boot.obj (.reset)

MODULE SUMMARY

       Module                     code   ro data   rw data
       ------                     ----   -------   -------
    .\
       main.obj                   1306   48        424    
    +--+--------------------------+------+---------+---------+
       Total:                     1306   48        424    
                                                          
    C:\Users\jake\AppData\Local\Temp\
       029122                     0      6         0      
    +--+--------------------------+------+---------+---------+
       Total:                     0      6         0      
                                                          
    C:\ti\ccsv6\tools\compiler\msp430_15.12.3.LTS\lib\rts430_eabi.lib
       autoinit.obj               110    0         0      
       copy_decompress_rle.obj    92     0         0      
       cpy_tbl.obj                90     0         0      
       lsr16.obj                  76     0         0      
       boot_special.obj           26     0         0      
       mult16.obj                 20     0         0      
       copy_decompress_none.obj   18     0         0      
       epilog.obj                 16     0         0      
       memcpy.obj                 16     0         0      
       isr_trap.obj               8      0         0      
       exit.obj                   6      0         0      
       pre_init.obj               4      0         0      
       boot.obj                   0      2         0      
       int00.obj                  0      2         0      
       int02.obj                  0      2         0      
       int03.obj                  0      2         0      
       int08.obj                  0      2         0      
       int09.obj                  0      2         0      
       int10.obj                  0      2         0      
       int11.obj                  0      2         0      
       int12.obj                  0      2         0      
       int13.obj                  0      2         0      
       int14.obj                  0      2         0      
       startup.obj                2      0         0      
    +--+--------------------------+------+---------+---------+
       Total:                     484    22        0      
                                                          
       Stack:                     0      0         80     
       Linker Generated:          0      45        0      
    +--+--------------------------+------+---------+---------+
       Grand Total:               1790   121       504    


LINKER GENERATED COPY TABLES

__TI_cinit_table @ 0000c754 records: 2, size/record: 4, table size: 8
	.data: load addr=0000c72e, load size=00000018 bytes, run addr=00000200, run size=00000112 bytes, compression=rle
	.bss: load addr=0000c746, load size=00000009 bytes, run addr=00000312, run size=00000096 bytes, compression=rle


LINKER GENERATED HANDLER TABLE

__TI_handler_table @ 0000c750 records: 2, size/record: 2, table size: 4
	index: 0, handler: __TI_decompress_rle24
	index: 1, handler: __TI_decompress_none


GLOBAL SYMBOLS: SORTED ALPHABETICALLY BY Name 

address   name                    
-------   ----                    
0000004a  ADC10AE0                
000001b0  ADC10CTL0               
000001b2  ADC10CTL1               
00000048  ADC10DTC0               
00000049  ADC10DTC1               
000001b4  ADC10MEM                
000001bc  ADC10SA                 
0000c35a  ADC10_ISR               
00000057  BCSCTL1                 
00000058  BCSCTL2                 
00000053  BCSCTL3                 
0000c6f2  C$$EXIT                 
00000059  CACTL1                  
0000005a  CACTL2                  
000010fb  CALBC1_12MHZ            
000010f9  CALBC1_16MHZ            
000010ff  CALBC1_1MHZ             
000010fd  CALBC1_8MHZ             
000010fa  CALDCO_12MHZ            
000010f8  CALDCO_16MHZ            
000010fe  CALDCO_1MHZ             
000010fc  CALDCO_8MHZ             
0000005b  CAPD                    
00000056  DCOCTL                  
00000128  FCTL1                   
0000012a  FCTL2                   
0000012c  FCTL3                   
00000000  IE1                     
00000001  IE2                     
00000002  IFG1                    
00000003  IFG2                    
00000022  P1DIR                   
00000025  P1IE                    
00000024  P1IES                   
00000023  P1IFG                   
00000020  P1IN                    
00000021  P1OUT                   
00000027  P1REN                   
00000026  P1SEL                   
00000041  P1SEL2                  
0000002a  P2DIR                   
0000002d  P2IE                    
0000002c  P2IES                   
0000002b  P2IFG                   
00000028  P2IN                    
00000029  P2OUT                   
0000002f  P2REN                   
0000002e  P2SEL                   
00000042  P2SEL2                  
0000001a  P3DIR                   
00000018  P3IN                    
00000019  P3OUT                   
00000010  P3REN                   
0000001b  P3SEL                   
00000043  P3SEL2                  
00000172  TA0CCR0                 
00000174  TA0CCR1                 
00000176  TA0CCR2                 
00000162  TA0CCTL0                
00000164  TA0CCTL1                
00000166  TA0CCTL2                
00000160  TA0CTL                  
0000012e  TA0IV                   
00000170  TA0R                    
00000192  TA1CCR0                 
00000194  TA1CCR1                 
00000196  TA1CCR2                 
00000182  TA1CCTL0                
00000184  TA1CCTL1                
00000186  TA1CCTL2                
00000180  TA1CTL                  
0000011e  TA1IV                   
00000190  TA1R                    
000010db  TLV_ADC10_1_LEN         
000010da  TLV_ADC10_1_TAG         
000010c0  TLV_CHECKSUM            
000010f7  TLV_DCO_30_LEN          
000010f6  TLV_DCO_30_TAG          
0000005d  UCA0ABCTL               
00000062  UCA0BR0                 
00000063  UCA0BR1                 
00000060  UCA0CTL0                
00000061  UCA0CTL1                
0000005f  UCA0IRRCTL              
0000005e  UCA0IRTCTL              
00000064  UCA0MCTL                
00000066  UCA0RXBUF               
00000065  UCA0STAT                
00000067  UCA0TXBUF               
0000006a  UCB0BR0                 
0000006b  UCB0BR1                 
00000068  UCB0CTL0                
00000069  UCB0CTL1                
0000006c  UCB0I2CIE               
00000118  UCB0I2COA               
0000011a  UCB0I2CSA               
0000006e  UCB0RXBUF               
0000006d  UCB0STAT                
0000006f  UCB0TXBUF               
0000c6de  USCI0RX_ISR             
0000c64a  USCI0TX_ISR             
00000120  WDTCTL                  
00000400  __STACK_END             
00000050  __STACK_SIZE            
UNDEFED   __TI_BINIT_Base         
UNDEFED   __TI_BINIT_Limit        
0000c754  __TI_CINIT_Base         
0000c75c  __TI_CINIT_Limit        
0000c750  __TI_Handler_Table_Base 
0000c754  __TI_Handler_Table_Limit
UNDEFED   __TI_INITARRAY_Base     
UNDEFED   __TI_INITARRAY_Limit    
0000c6ea  __TI_ISR_TRAP           
0000c6ac  __TI_decompress_none    
0000c548  __TI_decompress_rle24   
0000ffe0  __TI_int00              
0000ffe4  __TI_int02              
0000ffe6  __TI_int03              
0000ffea  __TI_int05              
0000ffec  __TI_int06              
0000ffee  __TI_int07              
0000fff0  __TI_int08              
0000fff2  __TI_int09              
0000fff4  __TI_int10              
0000fff6  __TI_int11              
0000fff8  __TI_int12              
0000fffa  __TI_int13              
0000fffc  __TI_int14              
ffffffff  __TI_pprof_out_hndl     
ffffffff  __TI_prof_data_size     
ffffffff  __TI_prof_data_start    
ffffffff  __c_args__              
0000c6da  __mspabi_func_epilog_1  
0000c6d8  __mspabi_func_epilog_2  
0000c6d6  __mspabi_func_epilog_3  
0000c6d4  __mspabi_func_epilog_4  
0000c6d2  __mspabi_func_epilog_5  
0000c6d0  __mspabi_func_epilog_6  
0000c6ce  __mspabi_func_epilog_7  
0000c698  __mspabi_mpyi           
0000c698  __mspabi_mpyi_sw        
0000c5fe  __mspabi_srli           
0000c644  __mspabi_srli_1         
0000c620  __mspabi_srli_10        
0000c61c  __mspabi_srli_11        
0000c618  __mspabi_srli_12        
0000c614  __mspabi_srli_13        
0000c610  __mspabi_srli_14        
0000c60c  __mspabi_srli_15        
0000c640  __mspabi_srli_2         
0000c63c  __mspabi_srli_3         
0000c638  __mspabi_srli_4         
0000c634  __mspabi_srli_5         
0000c630  __mspabi_srli_6         
0000c62c  __mspabi_srli_7         
0000c628  __mspabi_srli_8         
0000c624  __mspabi_srli_9         
0000c4da  _auto_init              
0000c67e  _c_int00_noargs_noexit  
0000fffe  _reset_vector           
000003b0  _stack                  
0000c6fc  _system_post_cinit      
0000c6f8  _system_pre_init        
0000c6f2  abort                   
0000c5a4  copy_in                 
0000c000  main                    
0000c6be  memcpy                  


GLOBAL SYMBOLS: SORTED BY Symbol Address 

address   name                    
-------   ----                    
00000000  IE1                     
00000001  IE2                     
00000002  IFG1                    
00000003  IFG2                    
00000010  P3REN                   
00000018  P3IN                    
00000019  P3OUT                   
0000001a  P3DIR                   
0000001b  P3SEL                   
00000020  P1IN                    
00000021  P1OUT                   
00000022  P1DIR                   
00000023  P1IFG                   
00000024  P1IES                   
00000025  P1IE                    
00000026  P1SEL                   
00000027  P1REN                   
00000028  P2IN                    
00000029  P2OUT                   
0000002a  P2DIR                   
0000002b  P2IFG                   
0000002c  P2IES                   
0000002d  P2IE                    
0000002e  P2SEL                   
0000002f  P2REN                   
00000041  P1SEL2                  
00000042  P2SEL2                  
00000043  P3SEL2                  
00000048  ADC10DTC0               
00000049  ADC10DTC1               
0000004a  ADC10AE0                
00000050  __STACK_SIZE            
00000053  BCSCTL3                 
00000056  DCOCTL                  
00000057  BCSCTL1                 
00000058  BCSCTL2                 
00000059  CACTL1                  
0000005a  CACTL2                  
0000005b  CAPD                    
0000005d  UCA0ABCTL               
0000005e  UCA0IRTCTL              
0000005f  UCA0IRRCTL              
00000060  UCA0CTL0                
00000061  UCA0CTL1                
00000062  UCA0BR0                 
00000063  UCA0BR1                 
00000064  UCA0MCTL                
00000065  UCA0STAT                
00000066  UCA0RXBUF               
00000067  UCA0TXBUF               
00000068  UCB0CTL0                
00000069  UCB0CTL1                
0000006a  UCB0BR0                 
0000006b  UCB0BR1                 
0000006c  UCB0I2CIE               
0000006d  UCB0STAT                
0000006e  UCB0RXBUF               
0000006f  UCB0TXBUF               
00000118  UCB0I2COA               
0000011a  UCB0I2CSA               
0000011e  TA1IV                   
00000120  WDTCTL                  
00000128  FCTL1                   
0000012a  FCTL2                   
0000012c  FCTL3                   
0000012e  TA0IV                   
00000160  TA0CTL                  
00000162  TA0CCTL0                
00000164  TA0CCTL1                
00000166  TA0CCTL2                
00000170  TA0R                    
00000172  TA0CCR0                 
00000174  TA0CCR1                 
00000176  TA0CCR2                 
00000180  TA1CTL                  
00000182  TA1CCTL0                
00000184  TA1CCTL1                
00000186  TA1CCTL2                
00000190  TA1R                    
00000192  TA1CCR0                 
00000194  TA1CCR1                 
00000196  TA1CCR2                 
000001b0  ADC10CTL0               
000001b2  ADC10CTL1               
000001b4  ADC10MEM                
000001bc  ADC10SA                 
000003b0  _stack                  
00000400  __STACK_END             
000010c0  TLV_CHECKSUM            
000010da  TLV_ADC10_1_TAG         
000010db  TLV_ADC10_1_LEN         
000010f6  TLV_DCO_30_TAG          
000010f7  TLV_DCO_30_LEN          
000010f8  CALDCO_16MHZ            
000010f9  CALBC1_16MHZ            
000010fa  CALDCO_12MHZ            
000010fb  CALBC1_12MHZ            
000010fc  CALDCO_8MHZ             
000010fd  CALBC1_8MHZ             
000010fe  CALDCO_1MHZ             
000010ff  CALBC1_1MHZ             
0000c000  main                    
0000c35a  ADC10_ISR               
0000c4da  _auto_init              
0000c548  __TI_decompress_rle24   
0000c5a4  copy_in                 
0000c5fe  __mspabi_srli           
0000c60c  __mspabi_srli_15        
0000c610  __mspabi_srli_14        
0000c614  __mspabi_srli_13        
0000c618  __mspabi_srli_12        
0000c61c  __mspabi_srli_11        
0000c620  __mspabi_srli_10        
0000c624  __mspabi_srli_9         
0000c628  __mspabi_srli_8         
0000c62c  __mspabi_srli_7         
0000c630  __mspabi_srli_6         
0000c634  __mspabi_srli_5         
0000c638  __mspabi_srli_4         
0000c63c  __mspabi_srli_3         
0000c640  __mspabi_srli_2         
0000c644  __mspabi_srli_1         
0000c64a  USCI0TX_ISR             
0000c67e  _c_int00_noargs_noexit  
0000c698  __mspabi_mpyi           
0000c698  __mspabi_mpyi_sw        
0000c6ac  __TI_decompress_none    
0000c6be  memcpy                  
0000c6ce  __mspabi_func_epilog_7  
0000c6d0  __mspabi_func_epilog_6  
0000c6d2  __mspabi_func_epilog_5  
0000c6d4  __mspabi_func_epilog_4  
0000c6d6  __mspabi_func_epilog_3  
0000c6d8  __mspabi_func_epilog_2  
0000c6da  __mspabi_func_epilog_1  
0000c6de  USCI0RX_ISR             
0000c6ea  __TI_ISR_TRAP           
0000c6f2  C$$EXIT                 
0000c6f2  abort                   
0000c6f8  _system_pre_init        
0000c6fc  _system_post_cinit      
0000c750  __TI_Handler_Table_Base 
0000c754  __TI_CINIT_Base         
0000c754  __TI_Handler_Table_Limit
0000c75c  __TI_CINIT_Limit        
0000ffe0  __TI_int00              
0000ffe4  __TI_int02              
0000ffe6  __TI_int03              
0000ffea  __TI_int05              
0000ffec  __TI_int06              
0000ffee  __TI_int07              
0000fff0  __TI_int08              
0000fff2  __TI_int09              
0000fff4  __TI_int10              
0000fff6  __TI_int11              
0000fff8  __TI_int12              
0000fffa  __TI_int13              
0000fffc  __TI_int14              
0000fffe  _reset_vector           
ffffffff  __TI_pprof_out_hndl     
ffffffff  __TI_prof_data_size     
ffffffff  __TI_prof_data_start    
ffffffff  __c_args__              
UNDEFED   __TI_BINIT_Base         
UNDEFED   __TI_BINIT_Limit        
UNDEFED   __TI_INITARRAY_Base     
UNDEFED   __TI_INITARRAY_Limit    

[167 symbols]
